Ferris Rustacean is the name, interop is the game
